// 重构日志: 1b29f531
// 重构日志: b9cf5e1b
// 同步 ID: 6cba589f @ Sat Jul 25 04:56:53 UTC 2026
// 同步 ID: 7f48c976 @ Sat Jul 25 11:51:23 UTC 2026
// 同步 ID: 9b97ba13 @ Sat Jul 25 14:07:05 UTC 2026
// 同步 ID: 5abdbd70 @ Sat Jul 25 17:44:31 UTC 2026
// 同步 ID: a994e22d @ Sun Jul 26 00:57:45 UTC 2026
// 同步 ID: 28486667 @ Mon Jul 27 00:58:31 UTC 2026
// 重构日志: 3706627e
// 同步 ID: fc8b81f2 @ Tue Jul 28 03:55:03 UTC 2026
// 同步 ID: 94bf6360 @ Tue Jul 28 07:35:17 UTC 2026
// 同步 ID: b0a61e2b @ Tue Jul 28 09:57:55 UTC 2026
// 重构日志: 032a72b5
// 重构日志: 5d24a81a
// 重构日志: 4e74aa02
// 重构日志: c9763685
// 重构日志: 021494ce
// 重构日志: 6ae4af13
// 重构日志: d1e9f9dd
// 重构日志: efb54670
// 同步 ID: f683fda8 @ Sat Aug  1 07:37:34 UTC 2026
// 重构日志: 7e081227
// 重构日志: a0f7374a
// 重构日志: 8de94038
// 重构日志: bfe9ede5
// 重构日志: a94a00c7
// 重构日志: 7e392c11
// 同步 ID: 66ace65d @ Mon Aug  3 05:32:16 UTC 2026
// 重构日志: 5ddc2dad
// 同步 ID: b7e71fb8 @ Tue Aug  4 04:29:17 UTC 2026
